Rasgos construidos (21s)
Partidos fijos: 2082
  entrenamiento (selección) 3264 filas, 2024-08-15 a 2026-03-01 (incluye 2024/25)
  selección     388 (2026-03-01 a 2026-04-23)
  prueba final  528 (2026-04-24 a 2026-09-20), entrenando con 3657 filas

  base_cf: 64 combinaciones hechas (197s)
  base_clasica: 64 combinaciones hechas (364s)

Top 10 en el tramo de selección (positivo = mejor que base_clasica+elo):
                                             config  nucleo  n_extras  n_rasgos  brier_sel  vs_clasica_elo_sel
                 base_cf+elo+cp_ataque+h2h_reciente base_cf         3        75     0.4721              1.4420
           base_cf+elo+tabla+cp_ataque+h2h_reciente base_cf         4        84     0.4721              1.4257
    base_cf+tabla+cp_ataque+cp_minutos+h2h_reciente base_cf         4        87     0.4723              1.4068
base_cf+elo+tabla+cp_ataque+cp_minutos+h2h_reciente base_cf         5        90     0.4723              1.3991
               base_cf+tabla+cp_ataque+h2h_reciente base_cf         3        81     0.4730              1.2984
                     base_cf+elo+tabla+h2h_reciente base_cf         3        78     0.4735              1.2757
          base_cf+elo+tabla+cp_minutos+h2h_reciente base_cf         4        84     0.4737              1.2560
      base_cf+elo+cp_ataque+cp_minutos+h2h_reciente base_cf         4        81     0.4738              1.2167
                         base_cf+tabla+h2h_reciente base_cf         2        75     0.4738              1.2355
                base_cf+elo+cp_minutos+h2h_reciente base_cf         3        75     0.4740              1.2322
  mejor con base_cf: base_cf+elo+cp_ataque+h2h_reciente  Brier 0.4721
  mejor con base_clasica: base_clasica+tabla+cp_ataque+cp_minutos+h2h_reciente  Brier 0.4763

Presencia de cada grupo en las 16 mejores (de 128):
  elo            10/16
  tabla          10/16
  cp_ataque      11/16
  cp_defensa      1/16
  cp_minutos      7/16
  h2h_reciente   14/16
  núcleo base_cf 16/16

ELEGIDO: base_cf+elo+cp_ataque+h2h_reciente  (75 rasgos)

PRUEBA FINAL: 528 partidos (186 con cuota; 300 final 2025/26, 228 inicio 2026/27)

modelo                                         Brier  elegido vs  vs media  vs mercado  acierto
ELEGIDO (base_cf+elo+cp_ataque+h2h_reciente)  0.4783      +0.00s    +3.24%      -0.92s    66.1%
todo lo pedido (base_cf+las 6)                0.4836      +2.09s    +2.16%      -1.91s    64.5%
base_cf+elo                                   0.4801      +0.55s    +2.88%      -1.00s    62.4%
base_clasica+elo                              0.4765      -0.25s    +3.60%      -0.97s    63.4%
produccion repo padre (99 rasgos)             0.4753      -0.42s    +3.86%      -1.07s    64.5%
mercado                                       0.4430                                      68.3%
(positivo en 'elegido vs' = el elegido es mejor; 'acierto' sobre los partidos con cuota)

Por tramo, elegido:
  final 2025/26    n= 300  vs media +1.00%  vs base_clasica+elo +0.04s
  inicio 2026/27   n= 228  vs media +6.21%  vs base_clasica+elo -0.41s

Elegido contra el mercado: -0.92s. Sin sus k mejores partidos: k=1: -1.12s  k=3: -1.51s  k=5: -1.90s  k=10: -2.74s
Bootstrap: peor que el mercado en el 82% de remuestreos

(378s)
